[themewagon.github.io/builerz/indexbd97.html]
[backblue.gif]
[fade.gif]
[index.html]
[themewagon.github.io/builerz/img/favicon.ico]
[stackpath.bootstrapcdn.com/bootstrap/4.4.1/css/bootstrap.min.css]
[cdnjs.cloudflare.com/ajax/libs/font-awesome/5.10.0/css/all.min.css]
[themewagon.github.io/builerz/lib/flaticon/font/flaticon.css]
[themewagon.github.io/builerz/lib/animate/animate.min.css]
[themewagon.github.io/builerz/lib/owlcarousel/assets/owl.carousel.min.css]
[themewagon.github.io/builerz/lib/lightbox/css/lightbox.min.css]
[themewagon.github.io/builerz/lib/slick/slick.css]
[themewagon.github.io/builerz/lib/slick/slick-theme.css]
[themewagon.github.io/builerz/css/style.css]
[themewagon.github.io/builerz/index.html]
[themewagon.github.io/builerz/about.html]
[themewagon.github.io/builerz/service.html]
[themewagon.github.io/builerz/team.html]
[themewagon.github.io/builerz/portfolio.html]
[themewagon.github.io/builerz/blog.html]
[themewagon.github.io/builerz/single.html]
[themewagon.github.io/builerz/contact.html]
[themewagon.github.io/builerz/img/carousel-1.jpg]
[themewagon.github.io/builerz/img/carousel-2.jpg]
[themewagon.github.io/builerz/img/carousel-3.jpg]
[themewagon.github.io/builerz/img/about.jpg]
[themewagon.github.io/builerz/img/service-1.jpg]
[themewagon.github.io/builerz/img/service-2.jpg]
[themewagon.github.io/builerz/img/service-3.jpg]
[themewagon.github.io/builerz/img/service-4.jpg]
[themewagon.github.io/builerz/img/service-5.jpg]
[themewagon.github.io/builerz/img/service-6.jpg]
[themewagon.github.io/builerz/img/team-1.jpg]
[themewagon.github.io/builerz/img/team-2.jpg]
[themewagon.github.io/builerz/img/team-3.jpg]
[themewagon.github.io/builerz/img/team-4.jpg]
[themewagon.github.io/builerz/img/testimonial-1.jpg]
[themewagon.github.io/builerz/img/testimonial-2.jpg]
[themewagon.github.io/builerz/img/testimonial-3.jpg]
[themewagon.github.io/builerz/img/testimonial-4.jpg]
[themewagon.github.io/builerz/img/blog-1.jpg]
[themewagon.github.io/builerz/img/blog-2.jpg]
[themewagon.github.io/builerz/img/blog-3.jpg]
[code.jquery.com/jquery-3.4.1.min.js]
[stackpath.bootstrapcdn.com/bootstrap/4.4.1/js/bootstrap.bundle.min.js]
[themewagon.github.io/builerz/lib/easing/easing.min.js]
[themewagon.github.io/builerz/lib/wow/wow.min.js]
[themewagon.github.io/builerz/lib/owlcarousel/owl.carousel.min.js]
[themewagon.github.io/builerz/lib/isotope/isotope.pkgd.min.js]
[themewagon.github.io/builerz/lib/lightbox/js/lightbox.min.js]
[themewagon.github.io/builerz/lib/waypoints/waypoints.min.js]
[themewagon.github.io/builerz/lib/counterup/counterup.min.js]
[themewagon.github.io/builerz/lib/slick/slick.min.js]
[themewagon.github.io/builerz/indexbd97.html]
[themewagon.github.io/builerz/img/favicon.html]
[stackpath.bootstrapcdn.com/bootstrap/4.4.1/css/bootstrap.min.css]
[cdnjs.cloudflare.com/ajax/libs/font-awesome/5.10.0/css/all.min.css]
[themewagon.github.io/builerz/js/main.js]
[themewagon.github.io/builerz/lib/flaticon/font/Flaticon.eot]
[themewagon.github.io/builerz/lib/flaticon/font/Flaticond41d.eot]
[themewagon.github.io/builerz/lib/flaticon/font/Flaticon.woff2]
[themewagon.github.io/builerz/lib/flaticon/font/Flaticon.woff]
[themewagon.github.io/builerz/lib/flaticon/font/Flaticon.ttf]
[themewagon.github.io/builerz/lib/flaticon/font/flaticon.css]
[themewagon.github.io/builerz/lib/animate/animate.min.css]
[themewagon.github.io/builerz/lib/flaticon/font/Flaticon.svg]
[themewagon.github.io/builerz/lib/owlcarousel/assets/owl.video.play.png]
[themewagon.github.io/builerz/lib/owlcarousel/assets/owl.carousel.min.css]
[themewagon.github.io/builerz/lib/lightbox/images/loading.gif]
[themewagon.github.io/builerz/lib/lightbox/css/lightbox.min.css]
[themewagon.github.io/builerz/lib/slick/slick.css]
[themewagon.github.io/builerz/lib/slick/ajax-loader.gif]
[themewagon.github.io/builerz/lib/slick/fonts/slick.eot]
[themewagon.github.io/builerz/lib/slick/fonts/slickd41d.eot]
[themewagon.github.io/builerz/lib/slick/fonts/slick.woff]
[themewagon.github.io/builerz/lib/slick/fonts/slick.ttf]
[themewagon.github.io/builerz/lib/slick/slick-theme.css]
[themewagon.github.io/builerz/lib/slick/fonts/slick.svg]
[themewagon.github.io/builerz/img/quote.png]
[themewagon.github.io/builerz/css/style.css]
[themewagon.github.io/builerz/index.html]
[themewagon.github.io/builerz/about.html]
[themewagon.github.io/builerz/service.html]
[themewagon.github.io/builerz/team.html]
[themewagon.github.io/builerz/img/portfolio-1.jpg]
[themewagon.github.io/builerz/img/portfolio-2.jpg]
[themewagon.github.io/builerz/img/portfolio-3.jpg]
[themewagon.github.io/builerz/img/portfolio-4.jpg]
[themewagon.github.io/builerz/img/portfolio-5.jpg]
[themewagon.github.io/builerz/img/portfolio-6.jpg]
[themewagon.github.io/builerz/portfolio.html]
[themewagon.github.io/builerz/blog.html]
[themewagon.github.io/builerz/img/single.jpg]
[themewagon.github.io/builerz/img/user.jpg]
[themewagon.github.io/builerz/img/post-1.jpg]
[themewagon.github.io/builerz/img/post-2.jpg]
[themewagon.github.io/builerz/img/post-3.jpg]
[themewagon.github.io/builerz/img/post-4.jpg]
[themewagon.github.io/builerz/img/post-5.jpg]
[themewagon.github.io/builerz/single.html]
[themewagon.github.io/builerz/mail/jqBootstrapValidation.min.js]
[themewagon.github.io/builerz/mail/contact.js]
[themewagon.github.io/builerz/contact.html]
[themewagon.github.io/builerz/lib/flaticon/font/Flaticon.svg]
[themewagon.github.io/builerz/lib/slick/fonts/slick.svg]
